This file contains a list of all functions used in the ELKS kernel source tree as of version 0.1.1 thereof. It is split into separate sections for static and
global functions in each of the following categories:

 1. Scripts used to control the ELKS kernel compilation process.

 2. Tools used as part of the ELKS kernel compilation process.

 3. The ELKS kernel itself.

================================================================================================================================================================

attr_clear                      scripts/lxdialog/util.c                       void attr_clear(WINDOW * win, int height, int width, chtype attr)
back_lines                      scripts/lxdialog/textbox.c            static  void back_lines(int n)
clear_globalflags               scripts/tkgen.c                               void clear_globalflags(struct kconfig *cfg)
color_setup                     scripts/lxdialog/util.c                       void color_setup(void)
dialog_clear                    scripts/lxdialog/util.c                       void dialog_clear(void)
dialog_textbox                  scripts/lxdialog/textbox.c                    int dialog_textbox(const char *title, const char *file, int height, int width)
dialog_yesno                    scripts/lxdialog/yesno.c                      int dialog_yesno(const char *title, const char *prompt, int height, int width)
do_source                       scripts/tkparse.c                     static  int do_source(char *filename)
draw_shadow                     scripts/lxdialog/util.c                       void draw_shadow(WINDOW * win, int y, int x, int height, int width)
dump_if                         scripts/tkparse.c                             void dump_if(struct condition *cond)
dump_tk_script                  scripts/tkgen.c                               void dump_tk_script(struct kconfig *scfg)
end_dialog                      scripts/lxdialog/util.c                       void end_dialog(void)
end_proc                        scripts/tkgen.c                       static  void end_proc(int menu_num)
first_alpha                     scripts/lxdialog/util.c                       int first_alpha(const char *string, const char *exempt)
fix_choice_cond                 scripts/tkcond.c                              void fix_choice_cond(void)
fix_conditionals                scripts/tkcond.c                              void fix_conditionals(struct kconfig *scfg)
free_condition                  scripts/tkcond.c                      static  void free_condition(struct condition *cnd)
generate_if_for_outfile         scripts/tkgen.c                               void generate_if_for_outfile(struct kconfig *item, struct condition *cond)
get_line                        scripts/lxdialog/textbox.c            static  char *get_line(void)
get_qstring                     scripts/tkparse.c                     static  char *get_qstring(char *pnt, char **labl)
get_string                      scripts/tkparse.c                     static  char *get_string(char *pnt, char **labl)
get_token_cond                  scripts/tkcond.c                              struct condition *get_token_cond(struct condition **cond, int depth)
init_dialog                     scripts/lxdialog/util.c                       void init_dialog(void)
invert_condition                scripts/tkcond.c                      static  void invert_condition(struct condition *cnd)
j_checklist                     scripts/lxdialog/lxdialog.c                   int j_checklist(const char *t, int ac, const char *const *av)
j_infobox                       scripts/lxdialog/lxdialog.c                   int j_infobox(const char *t, int ac, const char *const *av)
j_inputbox                      scripts/lxdialog/lxdialog.c                   int j_inputbox(const char *t, int ac, const char *const *av)
j_menu                          scripts/lxdialog/lxdialog.c                   int j_menu(const char *t, int ac, const char *const *av)
j_msgbox                        scripts/lxdialog/lxdialog.c                   int j_msgbox(const char *t, int ac, const char *const *av)
j_radiolist                     scripts/lxdialog/lxdialog.c                   int j_radiolist(const char *t, int ac, const char *const *av)
j_textbox                       scripts/lxdialog/lxdialog.c                   int j_textbox(const char *t, int ac, const char *const *av)
j_yesno                         scripts/lxdialog/lxdialog.c                   int j_yesno(const char *t, int ac, const char *const *av)
main                            scripts/lxdialog/lxdialog.c                   int main(int argc, const char *const *argv)
main                            scripts/tkparse.c                             int main(int argc, char *argv[])
parse                           scripts/tkparse.c                             void parse(char *pnt)
parse_choices                   scripts/tkparse.c                     static  char *parse_choices(struct kconfig *choice_kcfg, char *pnt)
parse_if                        scripts/tkparse.c                     static  struct condition *parse_if(char *pnt)
print_autowrap                  scripts/lxdialog/util.c                       void print_autowrap(WINDOW * win, const char *prompt, int width, int y, int x)
print_button                    scripts/lxdialog/util.c                       void print_button(WINDOW * win, const char *label, int y, int x, int selected)
print_buttons                   scripts/lxdialog/checklist.c          static  void print_buttons(WINDOW * dialog, int height, int width, int selected)
print_buttons                   scripts/lxdialog/inputbox.c           static  void print_buttons(WINDOW * dialog, int height, int width, int selected)
print_buttons                   scripts/lxdialog/menubox.c            static  void print_buttons(WINDOW * win, int height, int width, int selected)
print_buttons                   scripts/lxdialog/yesno.c              static  void print_buttons(WINDOW * dialog, int height, int width, int selected)
print_line                      scripts/lxdialog/textbox.c            static  void print_line(WINDOW * win, int row, int width)
print_page                      scripts/lxdialog/textbox.c            static  void print_page(WINDOW * win, int height, int width)
print_position                  scripts/lxdialog/textbox.c            static  void print_position(WINDOW * win, int height, int width)
skip_whitespace                 scripts/tkparse.c                     static  char *skip_whitespace(char *pnt)
start_proc                      scripts/tkgen.c                       static  void start_proc(char *label, int menu_num, int flag)
tokencmp                        scripts/tkparse.c                             char tokencmp(char **pnt, char *token)
Usage                           scripts/lxdialog/lxdialog.c           static  void Usage(const char *name)

================================================================================================================================================================

aahand                          arch/i86/tools/dishand.c                      void aahand(register int j)
analyse                         arch/i86/tools/imgdump.c                      void analyse(unsigned char *buf, long buflen)
aohand                          arch/i86/tools/dishand.c                      void aohand(register int j)
aoutsize                        arch/i86/tools/mkbootloader.c                    unsigned long aoutsize(char *aout, unsigned long lg)
badseq                          arch/i86/tools/dishand.c                      void badseq(register int j, register int k)
chksum                          arch/i86/tools/imgconv.c                      short chksum(unsigned char *a, int len)
cihand                          arch/i86/tools/dishand.c                      void cihand(register int j)
dfhand                          arch/i86/tools/dishand.c                      void dfhand(register int j)
die                             arch/i86/tools/build.c                        void die(const char *str)
disbss                          arch/i86/tools/dismain.c              static  void disbss(void)
disdata                         arch/i86/tools/dismain.c              static  void disdata(void)
distext                         arch/i86/tools/dismain.c              static  void distext(void)
error                           arch/i86/tools/wrt_disk.c                     void error(char Pass, WORD data, WORD result)
eshand                          arch/i86/tools/disfp.c                        void eshand(register int j)
fatal                           arch/i86/tools/dismain.c              static  void fatal(register char *s, register char *t)
Fetch                           arch/i86/tools/dismain.c                      int Fetch(void)
fphand                          arch/i86/tools/disfp.c                        void fphand(register int j)
getlab                          arch/i86/tools/dismain.c              static  char *getlab(register int type)
getnam                          arch/i86/tools/distabs.c                      char *getnam(register int k)
getopt                          arch/i86/tools/getopt.c                       int getopt(int argc, char **argv, char *opts)
hexdig                          arch/i86/tools/imgdump.c                      char hexdig(int num)
hexdumpbuf                      arch/i86/tools/imgdump.c                      void hexdumpbuf(unsigned char *buf, long buflen)
imagedump                       arch/i86/tools/imgdump.c                      void imagedump(char *filename)
imagefiletype                   arch/i86/tools/imgdump.c                      void imagefiletype(unsigned char *buf, long buflen)
imhand                          arch/i86/tools/dishand.c                      void imhand(register int j)
inhand                          arch/i86/tools/disfp.c                        void inhand(register int j)
intel_long                      arch/i86/tools/build.c                        long intel_long(long l)
intel_short                     arch/i86/tools/build.c                        short intel_short(short l)
invoker                         arch/i86/tools/dismain.c              static  char *invoker(register char *s)
iohand                          arch/i86/tools/dishand.c                      void iohand(register int j)
lddfiletype                     arch/i86/tools/imgdump.c                      void lddfiletype(unsigned char *buf, long buflen)
ljhand                          arch/i86/tools/dishand.c                      void ljhand(register int j)
lookext                         arch/i86/tools/distabs.c                      int lookext(long off, long loc, char *buf)
mahand                          arch/i86/tools/dishand.c                      void mahand(register int j)
main                            arch/i86/tools/build.c                        int main(int argc, char **argv)
main                            arch/i86/tools/dismain.c                      int main(int argc, register char **argv)
main                            arch/i86/tools/imgconv.c                      int main(int argc, char *argv[])
main                            arch/i86/tools/imgdump.c                      int main(int argc, char *argv[])
main                            arch/i86/tools/makelist.c                     int main(int argc, char **argv)
main                            arch/i86/tools/mkbootloader.c                    int main(int argcnt, char **arg)
main                            arch/i86/tools/writedisk.c                    int main(void)
main                            arch/i86/tools/wrt_disk.c                     int main(void)
mihand                          arch/i86/tools/dishand.c                      void mihand(register int j)
mjhand                          arch/i86/tools/dishand.c                      void mjhand(register int j)
mmhand                          arch/i86/tools/dishand.c                      void mmhand(register int j)
mqhand                          arch/i86/tools/dishand.c                      void mqhand(register int j)
mshand                          arch/i86/tools/dishand.c                      void mshand(register int j)
mtrunc                          arch/i86/tools/distabs.c                      void mtrunc(register char *a)
mvhand                          arch/i86/tools/dishand.c                      void mvhand(register int j)
objdump                         arch/i86/tools/dismain.c              static  int objdump(register char *c)
objini                          arch/i86/tools/dishand.c                      void objini(register int j)
objout                          arch/i86/tools/dishand.c                      void objout(void)
pohand                          arch/i86/tools/dishand.c                      void pohand(register int j)
print_address                   arch/i86/tools/wrt_disk.c                     void print_address(WORD high, WORD low)
print_ulong                     arch/i86/tools/wrt_disk.c                     void print_ulong(DWORD value)
print_word                      arch/i86/tools/wrt_disk.c                     void print_word(WORD data)
prolog                          arch/i86/tools/dismain.c              static  void prolog(void)
rehand                          arch/i86/tools/dishand.c                      void rehand(register int j)
sbhand                          arch/i86/tools/dishand.c                      void sbhand(register int j)
scanfile                        arch/i86/tools/makelist.c                     void scanfile(char *parentname, char *filename, int indent)
sjhand                          arch/i86/tools/dishand.c                      void sjhand(register int j)
srhand                          arch/i86/tools/dishand.c                      void srhand(register int j)
strcat                          arch/i86/tools/wrt_disk.c                     void strcat(char *tgt, char *src)
tqhand                          arch/i86/tools/dishand.c                      void tqhand(register int j)
usage                           arch/i86/tools/build.c                        void usage(void)
usage                           arch/i86/tools/dismain.c              static  void usage(register char *s)
zdump                           arch/i86/tools/dismain.c              static  void zdump(unsigned long beg)

================================================================================================================================================================

addcmd                          video/ansi/ansi.c                             void addcmd(char ch)
AddQueue                        arch/i86/drivers/char/keyboard.c              void AddQueue(unsigned char Key)
AddQueue                        arch/i86/drivers/char/sibo_key.c              void AddQueue(unsigned char Key)
AddQueue                        arch/i86/drivers/char/xt_key.c                void AddQueue(unsigned char Key)
add_timer                       kernel/sched.c                                void add_timer(register struct timer_list *timer)
add_to_runqueue                 kernel/sched.c                                void add_to_runqueue(register struct task_struct *p)
alloc_hole                      arch/i86/mm/malloc.c                  static  struct malloc_hole *alloc_hole(struct malloc_head *mh)
ANSI                            video/ansi/ansi.c                             void ANSI(char cmd)
AnsiCmd                         arch/i86/drivers/char/dircon.c        static  void AnsiCmd(register Console * C, char c)
arch_boot                       arch/i86/boot/crt1.c                          void arch_boot(void)
arch_boot                       arch/i86/sibo/crt1.c                          void arch_boot(void)
arch_build_stack                arch/i86/kernel/process.c                     void arch_build_stack(struct task_struct *t)
arch_init_IRQ                   arch/i86/kernel/irq.c                 static  void arch_init_IRQ(void)
arch_setup_kernel_stack         arch/i86/kernel/process.c                     void arch_setup_kernel_stack(register struct task_struct *t)
atoi                            lib/string.c                                  int atoi(char *number)
ax                              arch/i86/kernel/entry.c                       cmp  ax,#((sys_call_table_end - sys_call_table)/2)
bad_flp_intr                    arch/i86/drivers/block/floppy.c       static  void bad_flp_intr(void)
bell                            arch/i86/drivers/char/bell.c                  void bell(void)
best_fit_hole                   arch/i86/mm/malloc.c                  static  struct malloc_hole *best_fit_hole(struct malloc_head *mh, segext_t size)
bioscon_open                    arch/i86/drivers/char/bioscon.c               int bioscon_open(struct tty * tty)
bioscon_read                    arch/i86/drivers/char/bioscon.c               void bioscon_read(register struct tty * tty)
bioscon_release                 arch/i86/drivers/char/bioscon.c               void bioscon_release(struct tty * tty)
bioscon_write                   arch/i86/drivers/char/bioscon.c               int bioscon_write(register struct tty * tty)
bioshd_geninit                  arch/i86/drivers/block/doshd.c        static  void bioshd_geninit(void)
bioshd_getfdinfo                arch/i86/drivers/block/doshd.c                unsigned short int bioshd_getfdinfo(void)
bioshd_gethdinfo                arch/i86/drivers/block/doshd.c                unsigned short int bioshd_gethdinfo(void)
bioshd_open                     arch/i86/drivers/block/doshd.c        static  int bioshd_open(struct inode *inode, struct file *filp)
bioshd_release                  arch/i86/drivers/block/doshd.c        static  void bioshd_release(struct inode *inode, struct file *filp)
blkdev_open                     fs/devices.c                                  int blkdev_open(register struct inode *inode, register struct file *filp)
blk_dev_init                    arch/i86/drivers/block/ll_rw_blk.c            int blk_dev_init(void)
bogus_magic                     arch/i86/286pmode/main.c                      void bogus_magic(void)
boot_kernel                     arch/i86/286pmode/main.c                      void boot_kernel(void)
bread                           fs/buffer.c                                   struct buffer_head *bread(kdev_t dev, block_t block)
brelse                          fs/bufops.c                                   void brelse(register struct buffer_head *bh)
buffer_init                     fs/buffer.c                                   void buffer_init(void)
calibrate_delay                 init/main.c                                   int calibrate_delay(void)
check                           fs/select.c                           static  int check(int flag, struct file *file)
check_disk_change               fs/devices.c                                  int check_disk_change(kdev_t dev)
check_partition                 arch/i86/drivers/block/genhd.c                void check_partition(register struct gendisk *hd, kdev_t dev)
check_task_table                kernel/fork.c                                 int check_task_table(void)
chout                           video/ansi/ansi.c                             void chout(char ch)
chq_addch                       lib/chqueue.c                                 int chq_addch(register struct ch_queue *q, unsigned char c, int wait)
chq_delch                       lib/chqueue.c                                 int chq_delch(register struct ch_queue *q)
chq_erase                       lib/chqueue.c                                 int chq_erase(register struct ch_queue *q)
chq_full                        lib/chqueue.c                                 int chq_full(register struct ch_queue *q)
chq_getch                       lib/chqueue.c                                 int chq_getch(register struct ch_queue *q, register unsigned char *c, int wait)
chq_init                        lib/chqueue.c                                 int chq_init(register struct ch_queue *q, unsigned char *buf, int size)
chq_peekch                      lib/chqueue.c                                 int chq_peekch(register struct ch_queue *q)
chr_dev_init                    arch/i86/drivers/char/init.c                  int chr_dev_init(void)
ClearRange                      arch/i86/drivers/char/dircon.c        static  void ClearRange(register Console * C, int x, int y, int xx, int yy)
clear_bit                       arch/i86/lib/bitops.c                         unsigned char clear_bit(unsigned int bit,void *addr)
clear_inode                     fs/inode.c                                    void clear_inode(REGOPT struct inode *inode)
close_fp                        fs/open.c                             static  int close_fp(register struct file *filp)
CMOS_READ                       arch/i86/drivers/block/floppy.c               int CMOS_READ(long addr)
CommandChar                     arch/i86/drivers/char/bioscon.c               void CommandChar(char c)
configure_fdc_mode              arch/i86/drivers/block/floppy.c       static  void configure_fdc_mode(void)
config_types                    arch/i86/drivers/block/floppy.c       static  void config_types(void)
Console_gotoxy                  arch/i86/drivers/char/dircon.c        static  void Console_gotoxy(register Console * C, int x, int y)
Console_ioctl                   arch/i86/drivers/char/dircon.c                int Console_ioctl(struct tty *tty, int cmd, char *arg)
Console_open                    arch/i86/drivers/char/console.c               int Console_open(struct inode *inode, struct file *file)
Console_open                    arch/i86/drivers/char/dircon.c                int Console_open(struct tty *tty)
Console_open                    arch/i86/drivers/char/sibo_con.c              int Console_open(struct inode *inode, struct file *file)
Console_release                 arch/i86/drivers/char/console.c               void Console_release(struct inode *inode, struct file *file)
Console_release                 arch/i86/drivers/char/dircon.c                void Console_release(struct tty *tty)
Console_release                 arch/i86/drivers/char/sibo_con.c              void Console_release(struct inode *inode, struct file *file)
console_setdefault              arch/i86/drivers/char/serial.c                void console_setdefault(register struct serial_info *port)
Console_set_vc                  arch/i86/drivers/char/console.c               void Console_set_vc(int N)
Console_set_vc                  arch/i86/drivers/char/dircon.c                void Console_set_vc(unsigned int N)
Console_set_vc                  arch/i86/drivers/char/sibo_con.c              void Console_set_vc(int N)
Console_write                   arch/i86/drivers/char/console.c               int Console_write(register struct tty *tty)
Console_write                   arch/i86/drivers/char/dircon.c                int Console_write(register struct tty *tty)
Console_write                   arch/i86/drivers/char/sibo_con.c              int Console_write(register struct tty *tty)
con_charout                     arch/i86/drivers/char/bioscon.c               void con_charout(char c)
con_charout                     arch/i86/drivers/char/console.c               void con_charout(char Ch)
con_charout                     arch/i86/drivers/char/dircon.c                void con_charout(char Ch)
con_charout                     arch/i86/drivers/char/serial.c                void con_charout(char Ch)
con_charout                     arch/i86/drivers/char/sibo_con.c              void con_charout(char Ch)
con_write                       kernel/printk.c                       static  void con_write(register char *buf, int len)
copy_buffer                     arch/i86/drivers/block/floppy.c       static  void copy_buffer(from, to)
cp_stat                         fs/stat.c                             static  int cp_stat(register struct inode *inode, struct stat *statbuf)
ctrl_alt_del                    kernel/sys.c                                  void ctrl_alt_del(void)
DEC                             video/ansi/ansi.c                             void DEC(char ch)
delay                           init/main.c                           static  void delay(jiff_t loops)
del_from_runqueue               kernel/sched.c                                void del_from_runqueue(struct task_struct *p)
del_timer                       kernel/sched.c                                int del_timer(register struct timer_list *timer)
detach_timer                    kernel/sched.c                        static  int detach_timer(struct timer_list *timer)
determine_tty                   arch/i86/drivers/char/ntty.c                  struct tty *determine_tty(dev_t dev)
device_setup                    arch/i86/drivers/block/init.c                 void device_setup(void)
directhd_geninit                arch/i86/drivers/block/directhd.c             void directhd_geninit(void)
directhd_init                   arch/i86/drivers/block/directhd.c             int directhd_init()
disable_irq                     arch/i86/kernel/irq.c                         void disable_irq(unsigned int irq)
disable_irqs                    arch/i86/286pmode/main.c                      void disable_irqs(void)
down                            kernel/sleepwake.c                            void down(short int *s)
do_bioshd_request               arch/i86/drivers/block/doshd.c        static  void do_bioshd_request(void)
do_chown                        fs/open.c                             static  int do_chown(register struct inode *inode, uid_t user, gid_t group)
do_directhd_request             arch/i86/drivers/block/directhd.c             void do_directhd_request(void)
do_exc                          arch/i86/286pmode/main.c                      void do_exc(excnum, es, ds, di, si, bp, ignore, bx, dx, cx, ax)
do_exit                         kernel/exit.c                                 void do_exit(int status)
do_fd_request                   arch/i86/drivers/block/floppy.c               void do_fd_request(void)
do_fork                         kernel/fork.c                                 pid_t do_fork(int virtual)
do_irq                          arch/i86/286pmode/main.c                      void do_irq(irqnum, es, ds, di, si, bp, ignore, bx, dx, cx, ax)
do_IRQ                          arch/i86/kernel/irq.c                         void do_IRQ(int i,void *regs)
do_meta_request                 arch/i86/drivers/char/meta.c          static  void do_meta_request(kdev_t device)
do_mknod                        fs/namei.c                                    int do_mknod(char *filename, int mode, dev_t dev)
do_mount                        fs/super.c                                    int do_mount(kdev_t dev, char *dir, char *type, int flags, char *data)
do_pipe                         fs/pipe.c                                     int do_pipe(int *fd)
do_rd_request                   arch/i86/drivers/block/rd.c           static  void do_rd_request(void)
do_remount                      fs/super.c                            static  int do_remount(char *dir, int flags, char *data)
do_signal                       arch/i86/kernel/signal.c                      int do_signal(void)
do_ssd_request                  arch/i86/drivers/block/sibo_ssd.c     static  void do_ssd_request(void)
do_ssd_request                  arch/i86/drivers/block/ssd.c          static  void do_ssd_request(void)
do_swapper_run                  arch/i86/mm/malloc.c                          int do_swapper_run(register struct task_struct *swapin_target)
do_timer                        kernel/sched.c                                void do_timer(struct pt_regs *regs)
do_umount                       fs/super.c                            static  int do_umount(kdev_t dev)
DS                              arch/i86/kernel/process.c                     ! We know the process DS, we can discard it (indeed may change it)
dupfd                           fs/fcntl.c                            static  int dupfd(unsigned int fd, unsigned int arg)
empty_dir                       fs/minix/namei.c                      static  int empty_dir(register struct inode *inode)
enable_irq                      arch/i86/kernel/irq.c                         void enable_irq(unsigned int irq)
enable_timer_tick               arch/i86/kernel/irq.c                 static  void enable_timer_tick(void)
enable_timer_tick               arch/i86/kernel/timer.c                       void enable_timer_tick(void)
end_request                     arch/i86/drivers/block/blk.h          static  void end_request(int uptodate)
extended_partition              arch/i86/drivers/block/genhd.c        static  void extended_partition(register struct gendisk *hd, kdev_t dev)
find_base                       arch/i86/drivers/block/floppy.c       static  struct floppy_struct *find_base(int drive, int code)
find_buffer                     fs/buffer.c                           static  struct buffer_head *find_buffer(kdev_t dev, block_t block)
find_empty_process              kernel/fork.c                         static  pid_t find_empty_process(void)
find_first_non_zero_bit         arch/i86/lib/bitops.c                         unsigned int find_first_non_zero_bit(void *addr, unsigned int len)
find_first_zero_bit             arch/i86/lib/bitops.c                         unsigned int find_first_zero_bit(void *addr, unsigned int len)
find_free_seg                   arch/i86/drivers/block/rd.c                   int find_free_seg(void)
find_hole                       arch/i86/mm/malloc.c                  static  struct malloc_hole *find_hole(struct malloc_head *mh, seg_t base)
find_protocol_family            net/socket.c                          static  int find_protocol_family(int family)
fix_flags_for_pmode             arch/i86/286pmode/main.c                      void fix_flags_for_pmode(void)
floppy_change                   arch/i86/drivers/block/floppy.c               int floppy_change(struct buffer_head *bh)
floppy_init                     arch/i86/drivers/block/floppy.c               void floppy_init(void)
floppy_interrupt                arch/i86/drivers/block/floppy.c       static  void floppy_interrupt(int unused)
floppy_off                      arch/i86/drivers/block/floppy.c       static  void floppy_off(unsigned int nr)
floppy_on                       arch/i86/drivers/block/floppy.c       static  void floppy_on(unsigned int nr)
floppy_open                     arch/i86/drivers/block/floppy.c       static  int floppy_open(struct inode *inode, struct file *filp)
floppy_ready                    arch/i86/drivers/block/floppy.c       static  void floppy_ready(void)
floppy_release                  arch/i86/drivers/block/floppy.c       static  void floppy_release(struct inode *inode, struct file *filp)
floppy_select                   arch/i86/drivers/block/floppy.c       static  void floppy_select(unsigned int nr)
floppy_shutdown                 arch/i86/drivers/block/floppy.c       static  void floppy_shutdown(void)
free_dma                        kernel/dma.c                                  void free_dma(unsigned char dma)
fsync_dev                       fs/buffer.c                                   void fsync_dev(kdev_t dev)
fs_init                         fs/filesystems.c                              void fs_init(void)
fs_may_mount                    fs/inode.c                                    int fs_may_mount(kdev_t dev)
fs_may_remount_ro               fs/inode.c                                    int fs_may_remount_ro(kdev_t dev)
fs_may_umount                   fs/inode.c                                    int fs_may_umount(kdev_t dev, REGOPT struct inode *mount_rooti)
fs_memcmp                       arch/i86/mm/user.c                            int fs_memcmp(void *s, void *d, size_t len)
full_read                       arch/i86/drivers/char/mem.c                   int full_read(struct inode *inode, struct file *filp, char *data, int len)
full_write                      arch/i86/drivers/char/mem.c                   int full_write(struct inode *inode, struct file *filp, char *data, int len)
generate                        kernel/signal.c                       static  void generate(int sig, register struct task_struct *p)
getblk                          fs/buffer.c                                   struct buffer_head *getblk(kdev_t dev, block_t block)
getparm                         video/ansi/ansi.c                             char getparm(char **S)
get_blkfops                     fs/devices.c                                  struct file_operations *get_blkfops(unsigned int major)
get_dma_list                    kernel/dma.c                                  int get_dma_list(char *buf)
get_driver                      arch/i86/drivers/char/meta.c          static  struct ud_driver *get_driver(int major)
get_ds                          arch/i86/286pmode/main.c                      unsigned short get_ds(void)
get_empty_filp                  fs/file_table.c                               struct file *get_empty_filp(void)
get_empty_inode                 fs/inode.c                                    struct inode *get_empty_inode(void)
get_fd                          net/socket.c                                  int get_fd(register struct inode *inode)
get_fd_set                      fs/select.c                           static  int get_fd_set(fd_set * fs_pointer, fd_set * fdset)
get_flags                       arch/i86/286pmode/main.c                      unsigned short get_flags(void)
get_free_buffer                 fs/buffer.c                           static  struct buffer_head *get_free_buffer(void)
get_fs_byte                     arch/i86/mm/user.c                            unsigned char get_fs_byte(void *dv)
get_fs_long                     arch/i86/mm/user.c                            unsigned long int get_fs_long(void *dv)
get_fs_type                     fs/super.c                                    struct file_system_type *get_fs_type(char *name)
get_hash_table                  fs/buffer.c                                   struct buffer_head *get_hash_table(kdev_t dev, block_t block)
get_pid                         kernel/fork.c                                 pid_t get_pid(void)
get_pipe_inode                  fs/inode.c                                    struct inode *get_pipe_inode(void)
get_pipe_mem                    fs/pipe.c                                     char *get_pipe_mem(void)
get_request                     arch/i86/drivers/block/ll_rw_blk.c    static  struct request *get_request(int n, kdev_t dev)
get_super                       fs/super.c                            static  struct super_block *get_super(kdev_t dev)
get_unused_fd                   fs/pipe.c                                     int get_unused_fd(void)
get_ustack                      arch/i86/kernel/process.c                     unsigned get_ustack(register struct task_struct *t,int off)
get_write_access                fs/namei.c                                    int get_write_access(struct inode *inode)
hard_reset_now                  kernel/stubs.c                                void hard_reset_now(void)
idt_init                        arch/i86/286pmode/main.c                      void idt_init(void)
ignore_interrupt                arch/i86/drivers/block/floppy.c       static  void ignore_interrupt(void)
inet_create                     net/ipv4/af_inet.c                    static  int inet_create(struct socket *sock, int protocol)
inet_dup                        net/ipv4/af_inet.c                    static  int inet_dup(struct socket *newsock, struct socket *oldsock)
inet_fcntl                      net/ipv4/af_inet.c                            void inet_fcntl(void)
inet_getname                    net/ipv4/af_inet.c                            void inet_getname(void)
inet_getsockopt                 net/ipv4/af_inet.c                            void inet_getsockopt(void)
inet_ioctl                      net/ipv4/af_inet.c                            void inet_ioctl(void)
inet_listen                     net/ipv4/af_inet.c                    static  int inet_listen(register struct socket *sock, int backlog)
inet_process_tcpdev             net/ipv4/af_inet.c                            int inet_process_tcpdev(char *buf, int len)
inet_proto_init                 net/ipv4/af_inet.c                            void inet_proto_init(struct net_proto *pro)
inet_recvfrom                   net/ipv4/af_inet.c                            void inet_recvfrom(void)
inet_release                    net/ipv4/af_inet.c                    static  int inet_release(struct socket *sock, struct socket *peer)
inet_sendto                     net/ipv4/af_inet.c                            void inet_sendto(void)
inet_setsockopt                 net/ipv4/af_inet.c                            void inet_setsockopt(void)
inet_shutdown                   net/ipv4/af_inet.c                            void inet_shutdown(void)
inet_socketpair                 net/ipv4/af_inet.c                            void inet_socketpair(void)
init_bioshd                     arch/i86/drivers/block/doshd.c                void init_bioshd(void)
init_console                    arch/i86/drivers/char/bioscon.c               void init_console(void)
init_console                    arch/i86/drivers/char/console.c               void init_console(void)
init_console                    arch/i86/drivers/char/dircon.c                void init_console(void)
init_console                    arch/i86/drivers/char/serial.c                void init_console(void)
init_console                    arch/i86/drivers/char/sibo_con.c              void init_console(void)
init_IRQ                        arch/i86/kernel/irq.c                         void init_IRQ(void)
init_ksegs                      arch/i86/286pmode/main.c                      void init_ksegs(unsigned short textlen)
init_minix_fs                   fs/minix/inode.c                              int init_minix_fs(void)
init_romfs_fs                   fs/romfs/inode.c                              int init_romfs_fs(void)
init_task                       init/main.c                           static  void init_task()
init_timer                      kernel/sched.c                                void init_timer(struct timer_list *timer)
inode_init                      fs/inode.c                                    void inode_init(void)
insert_inode_free               fs/inode.c                            static  void insert_inode_free(REGOPT struct inode *inode)
insw                            arch/i86/drivers/block/directhd.c             void insw(unsigned int port,unsigned int *buffer,int count)
interruptible_sleep_on          kernel/sleepwake.c                            void interruptible_sleep_on(struct wait_queue *p)
invalidate_buffers              fs/buffer.c                                   void invalidate_buffers(kdev_t dev)
invalidate_inodes               fs/inode.c                                    void invalidate_inodes(kdev_t dev)
in_group_p                      kernel/sys.c                                  int in_group_p(gid_t grp)
iput                            fs/inode.c                                    void iput(REGOPT struct inode *inode)
irqtab_init                     arch/i86/kernel/irqtab.c                      void irqtab_init()
irqtab_init                     arch/i86/sibo/irqtab.c                        void irqtab_init(void)
is_extended_partition           arch/i86/drivers/block/genhd.c        static  int is_extended_partition(struct partition *p)
kdevname                        fs/devices.c                                  char *kdevname(kdev_t dev)
kernel_restarted                kernel/printk.c                               void kernel_restarted(void)
KeyboardInit                    arch/i86/drivers/char/keyboard.c              int KeyboardInit(void)
KeyboardInit                    arch/i86/drivers/char/sibo_key.c              int KeyboardInit(void)
KeyboardInit                    arch/i86/drivers/char/xt_key.c                int KeyboardInit(void)
keyboard_irq                    arch/i86/drivers/char/keyboard.c              void keyboard_irq(int irq, struct pt_regs *regs, void *data)
keyboard_irq                    arch/i86/drivers/char/sibo_key.c              void keyboard_irq(int irq, struct pt_regs *regs)
keyboard_irq                    arch/i86/drivers/char/xt_key.c                void keyboard_irq(int irq, struct pt_regs *regs, void *dev_id)
kfork_proc                      arch/i86/kernel/process.c                     void kfork_proc(register struct task_struct *t,char *addr)
kill_pg                         kernel/signal.c                               int kill_pg(pid_t pgrp, sig_t sig, int priv)
kill_process                    kernel/signal.c                               int kill_process(pid_t pid, sig_t sig, int priv)
kmem_ioctl                      arch/i86/drivers/char/mem.c                   int kmem_ioctl(struct inode *inode, struct file *file, int cmd, char *arg)
LCD_Refresh                     arch/i86/drivers/char/console.c               void LCD_Refresh(void)
lineout                         video/ansi/ansi.c                             void lineout(char *S, WORD N)
list_inode_status               fs/inode.c                            static  void list_inode_status(void)
ll_rw_blk                       arch/i86/drivers/block/ll_rw_blk.c            void ll_rw_blk(int rw, register struct buffer_head *bh)
ll_rw_block                     arch/i86/drivers/block/ll_rw_blk.c            void ll_rw_block(int rw, int nr, register struct buffer_head **bh)
load_gdtr                       arch/i86/286pmode/main.c                      void load_gdtr(void)
load_idtr                       arch/i86/286pmode/main.c                      void load_idtr(void)
load_tr                         arch/i86/286pmode/main.c                      void load_tr(void)
lock_buffer                     fs/buffer.c                                   void lock_buffer(struct buffer_head *bh)
lock_inode                      fs/inode.c                            static  void lock_inode(REGOPT struct inode *inode)
lock_super                      fs/super.c                                    void lock_super(register struct super_block *sb)
lp_char_polled                  arch/i86/drivers/char/lp.c                    int lp_char_polled(char c, unsigned int target)
lp_init                         arch/i86/drivers/char/lp.c                    void lp_init(void)
lp_open                         arch/i86/drivers/char/lp.c                    int lp_open(struct inode *inode, struct file *file)
lp_probe                        arch/i86/drivers/char/lp.c                    int lp_probe(register struct lp_info *lp)
lp_release                      arch/i86/drivers/char/lp.c                    void lp_release(struct inode *inode, struct file *file)
lp_reset                        arch/i86/drivers/char/lp.c                    int lp_reset(int target)
lp_write                        arch/i86/drivers/char/lp.c                    int lp_write(struct inode *inode, struct file *file, char *buf, int count)
main                            video/ansi/ansi.c                             int main(int argc, char **argv)
make_runnable                   arch/i86/mm/malloc.c                  static  int make_runnable(register struct task_struct *t)
map_buffer                      fs/buffer.c                                   void map_buffer(register struct buffer_head *bh)
mark_buffer_uptodate            fs/buffer.c                                   void mark_buffer_uptodate(struct buffer_head *bh, int on)
memcpy                          lib/string.c                                  void *memcpy(void *dest, void *src, size_t count)
memcpy_fromfs                   arch/i86/mm/user.c                            void memcpy_fromfs(void *daddr, void *saddr, size_t len)
memcpy_tofs                     arch/i86/mm/user.c                            void memcpy_tofs(void *daddr, void *saddr, size_t len)
memdumpk                        kernel/memdumpk.c                             void memdumpk(__u16 seg,__u16 off,size_t len)
memory_open                     arch/i86/drivers/char/mem.c                   int memory_open(struct inode *inode, register struct file *filp)
memset                          lib/string.c                                  void *memset(void *s, char c, size_t count)
mem_dev_init                    arch/i86/drivers/char/mem.c                   void mem_dev_init(void)
meta_init                       arch/i86/drivers/char/meta.c                  void meta_init(void)
meta_lseek                      arch/i86/drivers/char/meta.c                  void meta_lseek()
meta_open                       arch/i86/drivers/char/meta.c          static  int meta_open(struct inode *inode, struct file *filp)
meta_read                       arch/i86/drivers/char/meta.c                  void meta_read()
meta_release                    arch/i86/drivers/char/meta.c          static  int meta_release(struct inode *inode, struct file *filp)
meta_select                     arch/i86/drivers/char/meta.c                  void meta_select()
meta_write                      arch/i86/drivers/char/meta.c                  void meta_write()
minix_commit_super              fs/minix/inode.c                      static  void minix_commit_super(register struct super_block *sb)
minix_count_free_blocks         fs/minix/bitmap.c                             unsigned short minix_count_free_blocks(register struct super_block *sb)
minix_count_free_inodes         fs/minix/bitmap.c                             unsigned short minix_count_free_inodes(register struct super_block *sb)
minix_dir_read                  fs/minix/dir.c                        static  int minix_dir_read(inode, filp, buf, count)
minix_free_block                fs/minix/bitmap.c                             void minix_free_block(register struct super_block *sb, unsigned short block)
minix_free_inode                fs/minix/bitmap.c                             void minix_free_inode(register struct inode *inode)
minix_mkdir                     fs/minix/namei.c                              int minix_mkdir(register struct inode *dir, char *name, size_t len, int mode)
minix_new_block                 fs/minix/bitmap.c                             block_t minix_new_block(register struct super_block *sb)
minix_new_inode                 fs/minix/bitmap.c                             struct inode *minix_new_inode(struct inode *dir)
minix_put_inode                 fs/minix/inode.c                              void minix_put_inode(register struct inode *inode)
minix_put_super                 fs/minix/inode.c                              void minix_put_super(register struct super_block *sb)
minix_read_inode                fs/minix/inode.c                      static  void minix_read_inode(register struct inode *inode)
minix_remount                   fs/minix/inode.c                              int minix_remount(register struct super_block *sb, int *flags, char *data)
minix_rmdir                     fs/minix/namei.c                              int minix_rmdir(register struct inode *dir, char *name, size_t len)
minix_set_ops                   fs/minix/inode.c                              void minix_set_ops(struct inode *inode)
minix_symlink                   fs/minix/namei.c                              int minix_symlink(struct inode *dir, char *name, size_t len, char *symname)
minix_sync_inode                fs/minix/inode.c                              int minix_sync_inode(register struct inode *inode)
minix_truncate                  fs/minix/truncate.c                           void minix_truncate(register struct inode *inode)
minix_unlink                    fs/minix/namei.c                              int minix_unlink(struct inode *dir, char *name, size_t len)
minix_update_inode              fs/minix/inode.c                      static  struct buffer_head *minix_update_inode(register struct inode *inode)
minix_write_inode               fs/minix/inode.c                              void minix_write_inode(register struct inode *inode)
minix_write_super               fs/minix/inode.c                              void minix_write_super(register struct super_block *sb)
mm_alloc                        arch/i86/mm/malloc.c                          seg_t mm_alloc(segext_t pages, segext_t offset)
mm_dup                          arch/i86/mm/malloc.c                          seg_t mm_dup(seg_t base)
mm_free                         arch/i86/mm/malloc.c                          void mm_free(seg_t base)
mm_get_usage                    arch/i86/mm/malloc.c                          unsigned int mm_get_usage(int type, int used)
mm_init                         arch/i86/mm/malloc.c                          void mm_init(seg_t start, seg_t end)
mm_realloc                      arch/i86/mm/malloc.c                          seg_t mm_realloc(seg_t base)
mm_swap_on                      arch/i86/mm/malloc.c                          int mm_swap_on(struct mem_swap_info *si)
motor_off_callback              arch/i86/drivers/block/floppy.c       static  void motor_off_callback(unsigned long nr)
motor_on_callback               arch/i86/drivers/block/floppy.c       static  void motor_on_callback(unsigned long nr)
mount_root                      fs/super.c                                    void mount_root(void)
move_addr_to_kernel             net/socket.c                                  int move_addr_to_kernel(char *uaddr, size_t ulen, char *kaddr)
move_addr_to_user               net/socket.c                                  int move_addr_to_user(char *kaddr, size_t klen, char *uaddr, register int *ulen)
namecompare                     fs/minix/namei.c                      static  int namecompare(size_t len, size_t max, char *name, register char *buf)
namei                           fs/namei.c                                    int namei(char *pathname, register struct inode **res_inode, int dir, int perm)
nano_create                     net/nano/af_nano.c                    static  int nano_create(register struct socket *sock, int protocol)
nano_data_alloc                 net/nano/af_nano.c                    static  struct nano_proto_data *nano_data_alloc(void)
nano_data_deref                 net/nano/af_nano.c                    static  void nano_data_deref(register struct nano_proto_data *upd)
nano_data_ref                   net/nano/af_nano.c                    static  void nano_data_ref(register struct nano_proto_data *upd)
nano_dup                        net/nano/af_nano.c                    static  int nano_dup(struct socket *newsock, struct socket *oldsock)
nano_listen                     net/nano/af_nano.c                    static  int nano_listen(struct socket *sock, int backlog)
nano_proto_init                 net/nano/af_nano.c                            void nano_proto_init(struct net_proto *pro)
nano_release                    net/nano/af_nano.c                    static  int nano_release(register struct socket *sock, struct socket *peer)
nano_socketpair                 net/nano/af_nano.c                    static  int nano_socketpair(struct socket *sock1, struct socket *sock2)
new_request                     arch/i86/drivers/char/meta.c                  struct ud_request *new_request(void)
nosound                         arch/i86/drivers/char/bell.c          static  void nosound(void)
notify_change                   fs/inode.c                                    int notify_change(REGOPT struct inode *inode, REGOPT struct iattr *attr)
null_read                       arch/i86/drivers/char/mem.c                   int null_read(struct inode *inode, struct file *filp, char *data, int len)
null_write                      arch/i86/drivers/char/mem.c                   int null_write(struct inode *inode, struct file *filp, char *data, int len)
numout                          kernel/printk.c                       static  void numout(char *ptr, int len, int base, int useSign)
output_byte                     arch/i86/drivers/block/floppy.c       static  void output_byte(char byte)
outsw                           arch/i86/drivers/block/directhd.c             void outsw(unsigned int port,unsigned int *buffer,int count)
panic                           kernel/printk.c                               void panic(char *error, int a1 /* VARARGS... */ )
parm1                           arch/i86/drivers/char/dircon.c        static  int parm1(register unsigned char *buf)
parm2                           arch/i86/drivers/char/dircon.c        static  int parm2(register unsigned char *buf)
permission                      fs/namei.c                                    int permission(register struct inode *inode, int mask)
perpendicular_mode              arch/i86/drivers/block/floppy.c       static  void perpendicular_mode(unsigned char rate)
pipe_read_open                  fs/pipe.c                             static  int pipe_read_open(struct inode *inode, struct file *filp)
pipe_read_release               fs/pipe.c                             static  void pipe_read_release(register struct inode *inode, struct file *filp)
pipe_write_open                 fs/pipe.c                             static  int pipe_write_open(struct inode *inode, struct file *filp)
pipe_write_release              fs/pipe.c                             static  void pipe_write_release(register struct inode *inode, struct file *filp)
pmodekern_init                  arch/i86/286pmode/main.c                      void pmodekern_init(void)
PositionCursor                  arch/i86/drivers/char/dircon.c        static  void PositionCursor(register Console * C)
post_request                    arch/i86/drivers/char/meta.c                  int post_request(struct ud_driver *driver, struct ud_request *request)
power_off                       arch/i86/drivers/char/console.c               void power_off(void)
power_off                       arch/i86/drivers/char/sibo_con.c              void power_off(void)
power_on                        arch/i86/drivers/char/console.c               void power_on(void)
power_on                        arch/i86/drivers/char/sibo_con.c              void power_on(void)
printk                          kernel/printk.c                               void printk(register char *fmt,int a1)
printsp                         kernel/memdumpk.c                             void printsp(void)
print_syscall                   arch/i86/kernel/strace.c                      void print_syscall(register struct syscall_params *p, int retval)
process_timeout                 kernel/sched.c                        static  void process_timeout(int __data)
proto_init                      net/socket.c                                  void proto_init(void)
pty_init                        arch/i86/drivers/char/pty.c                   void pty_init(void)
pty_ioctl                       arch/i86/drivers/char/pty.c                   int pty_ioctl(struct inode *inode, struct file *file, int cmd, char *arg)
pty_open                        arch/i86/drivers/char/pty.c                   int pty_open(struct inode *inode, struct file *file)
pty_read                        arch/i86/drivers/char/pty.c                   int pty_read(struct inode *inode, struct file *file, char *data, int len)
pty_release                     arch/i86/drivers/char/pty.c                   int pty_release(struct inode *inode, struct file *file)
pty_select                      arch/i86/drivers/char/pty.c                   int pty_select(struct inode *inode, struct file *file, int sel_type)
pty_write                       arch/i86/drivers/char/pty.c                   int pty_write(struct inode *inode, struct file *file, char *data, int len)
put_last_free                   fs/inode.c                            static  void put_last_free(REGOPT struct inode *inode)
put_last_lru                    fs/buffer.c                           static  void put_last_lru(register struct buffer_head *bh)
put_super                       fs/super.c                                    void put_super(kdev_t dev)
put_ustack                      arch/i86/kernel/process.c                     void put_ustack(register struct task_struct *t,int off,int val)
put_write_access                fs/namei.c                                    void put_write_access(struct inode *inode)
rd_dealloc                      arch/i86/drivers/block/rd.c                   int rd_dealloc(int target)
rd_init                         arch/i86/drivers/block/rd.c                   void rd_init(void)
rd_load                         arch/i86/drivers/block/rd.c                   void rd_load(void)
rd_load                         arch/i86/drivers/block/sibo_ssd.c             void rd_load(void)
rd_load                         arch/i86/drivers/block/ssd.c                  void rd_load(void)
rd_open                         arch/i86/drivers/block/rd.c           static  int rd_open(struct inode *inode, struct file *filp)
rd_release                      arch/i86/drivers/block/rd.c           static  int rd_release(struct inode *inode, struct file *filp)
readbuf                         fs/buffer.c                                   struct buffer_head *readbuf(register struct buffer_head *bh)
read_inode                      fs/inode.c                            static  void read_inode(REGOPT struct inode *inode)
recalibrate_floppy              arch/i86/drivers/block/floppy.c       static  void recalibrate_floppy()
recal_interrupt                 arch/i86/drivers/block/floppy.c       static  void recal_interrupt(void)
receive_chars                   arch/i86/drivers/char/serial.c                void receive_chars(register struct serial_info *sp)
redirect_main                   kernel/printk.c                               void redirect_main(void)
redo_fd_request                 arch/i86/drivers/block/floppy.c       static  void redo_fd_request(void)
Refresh                         arch/i86/drivers/char/sibo_con.c              void Refresh(void)
remap_irq                       arch/i86/kernel/irq.c                 static  int remap_irq(int irq)
remap_irq                       arch/i86/kernel/irq.c                 static  int remap_irq(unsigned int irq)
remove_inode_free               fs/inode.c                            static  void remove_inode_free(REGOPT struct inode *inode)
request_dma                     kernel/dma.c                                  int request_dma(unsigned char dma, void *device)
request_done                    arch/i86/drivers/block/floppy.c               void request_done(int uptodate)
request_irq                     arch/i86/kernel/irq.c                         int request_irq(int irq, void (*handler)(), void *dev_id)
reset_bioshd                    arch/i86/drivers/block/doshd.c        static  void reset_bioshd(unsigned short int minor)
reset_floppy                    arch/i86/drivers/block/floppy.c       static  void reset_floppy(void)
reset_interrupt                 arch/i86/drivers/block/floppy.c       static  void reset_interrupt(void)
result                          arch/i86/drivers/block/floppy.c       static  int result(void)
retry_recal                     arch/i86/drivers/block/floppy.c       static  int retry_recal(proc)
ret_strace                      arch/i86/kernel/strace.c                      void ret_strace(unsigned int retval)
revector_8259s                  arch/i86/286pmode/main.c                      void revector_8259s(unsigned short where)
romfs_checksum                  fs/romfs/inode.c                      static  __s32 romfs_checksum(void *data, size_t size)
romfs_put_super                 fs/romfs/inode.c                      static  void romfs_put_super(struct super_block *sb)
romfs_readlink                  fs/romfs/inode.c                      static  int romfs_readlink(struct inode *inode, char *buffer, size_t len)
romfs_read_inode                fs/romfs/inode.c                      static  void romfs_read_inode(struct inode *i)
romfs_strnlen                   fs/romfs/inode.c                      static  int romfs_strnlen(struct inode *i, loff_t offset, size_t count)
rs_init                         arch/i86/drivers/char/serial.c                int rs_init(void)
rs_ioctl                        arch/i86/drivers/char/serial.c                int rs_ioctl(struct tty *tty, int cmd, char *arg)
rs_irq                          arch/i86/drivers/char/serial.c                int rs_irq(int irq, struct pt_regs *regs, void *dev_id)
rs_open                         arch/i86/drivers/char/serial.c                int rs_open(struct tty *tty)
rs_probe                        arch/i86/drivers/char/serial.c                int rs_probe(register struct serial_info *sp)
rs_release                      arch/i86/drivers/char/serial.c                void rs_release(struct tty *tty)
rs_write                        arch/i86/drivers/char/serial.c                int rs_write(struct tty *tty)
run_timer_list                  kernel/sched.c                        static  void run_timer_list(void)
rw_interrupt                    arch/i86/drivers/block/floppy.c       static  void rw_interrupt(void)
schedule                        kernel/sched.c                                void schedule(void)
sched_init                      kernel/sched.c                                void sched_init(void)
ScrollDown                      arch/i86/drivers/char/dircon.c        static  void ScrollDown(register Console * C, int st, int en)
ScrollUp                        arch/i86/drivers/char/dircon.c        static  void ScrollUp(register Console * C, int st, int en)
seek_interrupt                  arch/i86/drivers/block/floppy.c       static  void seek_interrupt(void)
seek_sector                     arch/i86/drivers/block/doshd.c                int seek_sector(unsigned short int drive, char track, char sector)
select_callback                 arch/i86/drivers/block/floppy.c       static  void select_callback(unsigned long unused)
select_wait                     fs/select.c                                   void select_wait(struct wait_queue *q)
send_sig                        kernel/signal.c                               int send_sig(sig_t sig, register struct task_struct *p, int priv)
setup_arch                      arch/i86/kernel/system.c                      void setup_arch(seg_t *start, seg_t *end)
setup_dev                       arch/i86/drivers/block/genhd.c                void setup_dev(register struct gendisk *dev)
setup_DMA                       arch/i86/drivers/block/floppy.c       static  void setup_DMA(void)
setup_format_params             arch/i86/drivers/block/floppy.c       static  void setup_format_params(void)
setup_inodes                    fs/inode.c                            static  void setup_inodes(void)
setup_mm                        arch/i86/mm/init.c                            void setup_mm(void)
setup_rw_floppy                 arch/i86/drivers/block/floppy.c               void setup_rw_floppy(void)
set_bit                         arch/i86/lib/bitops.c                         unsigned char set_bit(unsigned int bit,void *addr)
set_fd_set                      fs/select.c                           static  void set_fd_set(fd_set * fs_pointer, fd_set * fdset)
set_flags                       arch/i86/286pmode/main.c                      void set_flags(unsigned short flags)
shake_done                      arch/i86/drivers/block/floppy.c       static  void shake_done(void)
shake_one                       arch/i86/drivers/block/floppy.c       static  void shake_one(void)
shake_zero                      arch/i86/drivers/block/floppy.c       static  void shake_zero(void)
sig_check                       arch/i86/kernel/process.c                     void sig_check(void)
sleep_on                        kernel/sleepwake.c                            void sleep_on(struct wait_queue *p)
sockfd_lookup                   net/socket.c                                  struct socket *sockfd_lookup(int fd, struct file **pfile)
socki_lookup                    net/socket.c                                  struct socket *socki_lookup(struct inode *inode)
sock_alloc                      net/socket.c                                  struct socket *sock_alloc(void)
sock_close                      net/socket.c                                  void sock_close(register struct inode *inode, struct file *filp)
sock_init                       net/socket.c                                  void sock_init(void)
sock_register                   net/socket.c                                  int sock_register(int family, struct proto_ops *ops)
sock_release                    net/socket.c                                  void sock_release(register struct socket *sock)
sock_release_peer               net/socket.c                          static  void sock_release_peer(struct socket *peer)
sound                           arch/i86/drivers/char/bell.c          static  void sound(unsigned freq)
ssd_init                        arch/i86/drivers/block/sibo_ssd.c             void ssd_init(void)
ssd_init                        arch/i86/drivers/block/ssd.c                  void ssd_init(void)
ssd_open                        arch/i86/drivers/block/sibo_ssd.c     static  int ssd_open(struct inode *inode, struct file *filp)
ssd_open                        arch/i86/drivers/block/ssd.c          static  int ssd_open(struct inode *inode, struct file *filp)
ssd_release                     arch/i86/drivers/block/sibo_ssd.c     static  int ssd_release(struct inode *inode, struct file *filp)
ssd_release                     arch/i86/drivers/block/ssd.c          static  int ssd_release(struct inode *inode, struct file *filp)
stack_check                     arch/i86/kernel/process.c                     void stack_check(void)
start_kernel                    init/main.c                                   void start_kernel(void)
strace                          arch/i86/kernel/strace.c                      int strace(struct syscall_params p)
strcmp                          lib/string.c                                  int strcmp(register char *cs, register char *ct)
strcpy                          lib/string.c                                  char *strcpy(char *dest, char *src)
strlen                          lib/string.c                                  size_t strlen(char *s)
strlen_fromfs                   arch/i86/mm/user.c                            int strlen_fromfs(void *saddr)
strncmp                         lib/string.c                                  int strncmp(register char *cs, register char *ct, size_t count)
strnlen                         lib/string.c                                  size_t strnlen(char *s, size_t count)
swap_in                         arch/i86/mm/malloc.c                  static  int swap_in(seg_t base, int chint)
swap_out                        arch/i86/mm/malloc.c                  static  int swap_out(seg_t base)
swap_strategy                   arch/i86/mm/malloc.c                  static  seg_t swap_strategy(register struct task_struct *swapin_target)
sweep_holes                     arch/i86/mm/malloc.c                  static  void sweep_holes(struct malloc_head *mh)
switch_to_pmode                 arch/i86/286pmode/main.c                      void switch_to_pmode(void)
sync_buffers                    fs/buffer.c                           static  void sync_buffers(kdev_t dev, int wait)
sync_dev                        fs/buffer.c                                   void sync_dev(kdev_t dev)
sync_inodes                     fs/inode.c                                    void sync_inodes(kdev_t dev)
sync_supers                     fs/super.c                                    void sync_supers(kdev_t dev)
syscall                         kernel/syscall.c                              int syscall(void)
sys_accept                      net/socket.c                                  int sys_accept(int fd, struct sockaddr *upeer_sockaddr, int *upeer_addrlen)
sys_access                      fs/open.c                                     int sys_access(char *filename, int mode)
sys_bind                        net/socket.c                                  int sys_bind(int fd, struct sockaddr *umyaddr, int addrlen)
sys_brk                         arch/i86/mm/malloc.c                          int sys_brk(__pptr len)
sys_chdir                       fs/open.c                                     int sys_chdir(char *filename)
sys_chmod                       fs/open.c                                     int sys_chmod(char *filename, mode_t mode)
sys_chown                       fs/open.c                                     int sys_chown(char *filename, uid_t user, gid_t group)
sys_chroot                      fs/open.c                                     int sys_chroot(char *filename)
sys_close                       fs/open.c                                     int sys_close(unsigned int fd)
sys_connect                     net/socket.c                                  int sys_connect(int fd, struct sockaddr *uservaddr, int addrlen)
sys_dup                         fs/fcntl.c                                    int sys_dup(unsigned int fildes)
sys_dup2                        fs/fcntl.c                                    int sys_dup2(unsigned int oldfd, unsigned int newfd)
sys_execve                      fs/exec.c                                     int sys_execve(char *filename, char *sptr, size_t slen)
sys_exit                        kernel/exit.c                                 void sys_exit(int status)
sys_fchown                      fs/open.c                                     int sys_fchown(unsigned int fd, uid_t user, gid_t group)
sys_fcntl                       fs/fcntl.c                                    int sys_fcntl(unsigned int fd, unsigned int cmd, unsigned int arg)
sys_fork                        kernel/fork.c                                 pid_t sys_fork(void)
sys_fstat                       fs/stat.c                                     int sys_fstat(unsigned int fd, struct stat *statbuf)
sys_getgroups                   kernel/sys.c                                  int sys_getgroups(int gidsetsize, gid_t * grouplist)
sys_getpid                      kernel/sys.c                                  pid_t sys_getpid(void)
sys_gettimeofday                kernel/time.c                                 int sys_gettimeofday(register struct timeval *tv, struct timezone *tz)
sys_getuid                      kernel/sys.c                                  uid_t sys_getuid(void)
sys_ioctl                       fs/ioctl.c                                    int sys_ioctl(int fd, unsigned int cmd, unsigned int arg)
sys_kill                        kernel/signal.c                               int sys_kill(pid_t pid, sig_t sig)
sys_knlvsn                      kernel/sys.c                                  int sys_knlvsn(char *vsn)
sys_link                        fs/namei.c                                    int sys_link(char *oldname, char *newname)
sys_listen                      net/socket.c                                  int sys_listen(int fd, int backlog)
sys_lseek                       fs/read_write.c                               loff_t sys_lseek(unsigned int fd, loff_t * p_offset, unsigned int origin)
sys_lstat                       fs/stat.c                                     int sys_lstat(char *filename, struct stat *statbuf)
sys_mkdir                       fs/namei.c                                    int sys_mkdir(char *pathname, int mode)
sys_mknod                       fs/namei.c                                    int sys_mknod(char *filename, int mode, dev_t dev)
sys_mount                       fs/super.c                                    int sys_mount(char *dev_name, char *dir_name, char *type)
sys_open                        fs/open.c                                     int sys_open(char *filename, int flags, int mode)
sys_pipe                        fs/pipe.c                                     int sys_pipe(unsigned int *filedes)
sys_read                        fs/read_write.c                               int sys_read(unsigned int fd, char *buf, size_t count)
sys_readlink                    fs/stat.c                                     int sys_readlink(char *path, register char *buf, size_t bufsiz)
sys_reboot                      kernel/sys.c                                  int sys_reboot(unsigned int magic, unsigned int magic_too, int flag)
sys_rename                      fs/namei.c                                    int sys_rename(register char *oldname, char *newname)
sys_rmdir                       fs/namei.c                                    int sys_rmdir(char *pathname)
sys_setgid                      kernel/sys.c                                  int sys_setgid(gid_t gid)
sys_setgroups                   kernel/sys.c                                  int sys_setgroups(int gidsetsize, gid_t * grouplist)
sys_setpgid                     kernel/sys.c                                  int sys_setpgid(pid_t pid, pid_t pgid)
sys_setsid                      kernel/sys.c                                  int sys_setsid(void)
sys_settimeofday                kernel/time.c                                 int sys_settimeofday(struct timeval *tv, register struct timezone *tz)
sys_setuid                      kernel/sys.c                                  int sys_setuid(uid_t uid)
sys_signal                      kernel/signal.c                               int sys_signal(int signr, __sighandler_t handler)
sys_socket                      net/socket.c                                  int sys_socket(int family, int type, int protocol)
sys_stat                        fs/stat.c                                     int sys_stat(char *filename, struct stat *statbuf)
sys_symlink                     fs/namei.c                                    int sys_symlink(char *oldname, char *newname)
sys_sync                        fs/buffer.c                                   int sys_sync(void)
sys_times                       kernel/sys.c                                  int sys_times(struct tms *tbuf)
sys_umask                       kernel/sys.c                                  unsigned short int sys_umask(unsigned short int mask)
sys_umount                      fs/super.c                                    int sys_umount(char *name)
sys_unlink                      fs/namei.c                                    int sys_unlink(char *pathname)
sys_ustat                       fs/super.c                                    int sys_ustat(__u16 dev, struct ustat *ubuf)
sys_utime                       fs/open.c                                     int sys_utime(char *filename, struct utimbuf *times)
sys_vfork                       kernel/fork.c                                 pid_t sys_vfork(void)
sys_wait4                       kernel/exit.c                                 int sys_wait4(pid_t pid, register int *status, int options)
sys_write                       fs/read_write.c                               int sys_write(unsigned int fd, char *buf, size_t count)
tcpdev_clear_data_avail         arch/i86/drivers/char/tcpdev.c                void tcpdev_clear_data_avail(void)
tcpdev_inetwrite                arch/i86/drivers/char/tcpdev.c                int tcpdev_inetwrite(char *data, unsigned int len)
tcpdev_init                     arch/i86/drivers/char/tcpdev.c                void tcpdev_init(void)
tcpdev_open                     arch/i86/drivers/char/tcpdev.c        static  int tcpdev_open(struct inode *inode, struct file *file)
tcpdev_release                  arch/i86/drivers/char/tcpdev.c                int tcpdev_release(struct inode *inode, struct file *file)
tcpdev_select                   arch/i86/drivers/char/tcpdev.c                int tcpdev_select(struct inode *inode, struct file *filp, int sel_type)
tell_sector                     arch/i86/drivers/block/floppy.c       static  void tell_sector(int nr)
test_bit                        arch/i86/lib/bitops.c                         unsigned char test_bit(unsigned int bit,void *addr)
timer_tick                      arch/i86/kernel/timer.c                       void timer_tick(struct pt_regs * regs)
transfer                        arch/i86/drivers/block/floppy.c       static  void transfer(void)
ttynull_openrelease             arch/i86/drivers/char/ntty.c                  int ttynull_openrelease(struct tty *tty)
ttyp_write                      arch/i86/drivers/char/pty.c                   int ttyp_write(struct tty *tty)
tty_charout                     arch/i86/drivers/char/ntty.c                  void tty_charout(register struct tty *tty, unsigned char ch)
tty_charout_raw                 arch/i86/drivers/char/ntty.c          static  void tty_charout_raw(register struct tty *tty, unsigned char ch)
tty_echo                        arch/i86/drivers/char/ntty.c                  void tty_echo(register struct tty *tty, unsigned char ch)
tty_init                        arch/i86/drivers/char/ntty.c                  void tty_init(void)
tty_intcheck                    arch/i86/drivers/char/ntty.c                  int tty_intcheck(register struct tty *ttyp, unsigned char key)
tty_ioctl                       arch/i86/drivers/char/ntty.c                  int tty_ioctl(struct inode *inode, struct file *file, int cmd, char *arg)
tty_open                        arch/i86/drivers/char/ntty.c                  int tty_open(register struct inode *inode, struct file *file)
tty_read                        arch/i86/drivers/char/ntty.c                  int tty_read(struct inode *inode, struct file *file, char *data, int len)
tty_release                     arch/i86/drivers/char/ntty.c                  int tty_release(register struct inode *inode, struct file *file)
tty_write                       arch/i86/drivers/char/ntty.c                  int tty_write(struct inode *inode, struct file *file, char *data, int len)
ubd_ioctl                       arch/i86/drivers/char/meta.c                  void ubd_ioctl(void)
ubd_open                        arch/i86/drivers/char/meta.c                  int ubd_open(struct inode *inode, struct file *filp)
ubd_release                     arch/i86/drivers/char/meta.c                  int ubd_release(struct inode *inode, struct file *filp)
ucd_lseek                       arch/i86/drivers/char/meta.c                  void ucd_lseek()
ucd_open                        arch/i86/drivers/char/meta.c                  void ucd_open()
ucd_read                        arch/i86/drivers/char/meta.c                  void ucd_read()
ucd_release                     arch/i86/drivers/char/meta.c                  void ucd_release()
ucd_select                      arch/i86/drivers/char/meta.c                  void ucd_select()
ucd_write                       arch/i86/drivers/char/meta.c                  void ucd_write()
unexpected_floppy_interrupt     arch/i86/drivers/block/floppy.c       static  void unexpected_floppy_interrupt()
unix_accept                     net/unix/af_unix.c                    static  int unix_accept(struct socket *sock, struct socket *newsock, int flags)
unix_create                     net/unix/af_unix.c                    static  int unix_create(struct socket *sock, int protocol)
unix_data_alloc                 net/unix/af_unix.c                    static  struct unix_proto_data *unix_data_alloc(void)
unix_data_deref                 net/unix/af_unix.c                    static  void unix_data_deref(struct unix_proto_data *upd)
unix_data_ref                   net/unix/af_unix.c                    static  void unix_data_ref(struct unix_proto_data *upd)
unix_dup                        net/unix/af_unix.c                    static  int unix_dup(struct socket *newsock, struct socket *oldsock)
unix_listen                     net/unix/af_unix.c                    static  int unix_listen(struct socket *sock, int backlog)
unix_proto_init                 net/unix/af_unix.c                            void unix_proto_init(struct net_proto *pro)
unix_read                       net/unix/af_unix.c                    static  int unix_read(struct socket *sock, char *ubuf, int size, int nonblock)
unix_release                    net/unix/af_unix.c                    static  int unix_release(struct socket *sock, struct socket *peer)
unix_select                     net/unix/af_unix.c                    static  int unix_select(struct socket *sock, int sel_type, select_table * wait)
unix_socketpair                 net/unix/af_unix.c                    static  int unix_socketpair(struct socket *sock1, struct socket *sock2)
unix_write                      net/unix/af_unix.c                    static  int unix_write(struct socket *sock, char *ubuf, int size, int nonblock)
unlock_buffer                   fs/buffer.c                                   void unlock_buffer(register struct buffer_head *bh)
unlock_inode                    fs/inode.c                            static  void unlock_inode(REGOPT struct inode *inode)
unlock_super                    fs/super.c                                    void unlock_super(register struct super_block *sb)
unmap_brelse                    fs/buffer.c                                   void unmap_brelse(register struct buffer_head *bh)
unmap_buffer                    fs/buffer.c                                   void unmap_buffer(register struct buffer_head *bh)
unplug_device                   arch/i86/drivers/block/ll_rw_blk.c    static  void unplug_device(struct blk_dev_struct *dev)
up                              kernel/sleepwake.c                            void up(short int *s)
update_port                     arch/i86/drivers/char/serial.c                void update_port(register struct serial_info *port)
update_times                    kernel/sched.c                        static  void update_times(void)
V1_trunc_direct                 fs/minix/truncate.c                   static  int V1_trunc_direct(register struct inode *inode)
validate_address                arch/i86/mm/malloc.c                  static  seg_t validate_address(seg_t base)
verfy_area                      arch/i86/mm/user.c                            int verfy_area(void *p, size_t len)
verified_memcpy_fromfs          arch/i86/mm/user.c                            int verified_memcpy_fromfs(void *daddr, void *saddr, size_t len)
verified_memcpy_tofs            arch/i86/mm/user.c                            int verified_memcpy_tofs(void *daddr, void *saddr, size_t len)
Vt52Cmd                         arch/i86/drivers/char/dircon.c                void Vt52Cmd(register Console * C, char c)
Vt52CmdEx                       arch/i86/drivers/char/dircon.c                void Vt52CmdEx(register Console * C, char c)
wait_clear                      kernel/sleepwake.c                            void wait_clear(struct wait_queue *p)
wait_for_keypress               arch/i86/drivers/char/keyboard.c              int wait_for_keypress(void)
wait_for_keypress               arch/i86/drivers/char/serial.c                int wait_for_keypress(void)
wait_for_keypress               arch/i86/drivers/char/sibo_key.c              int wait_for_keypress(void)
wait_for_keypress               arch/i86/drivers/char/xt_key.c                int wait_for_keypress(void)
wait_on_buffer                  fs/buffer.c                                   void wait_on_buffer(register struct buffer_head *bh)
wait_on_inode                   fs/inode.c                            static  void wait_on_inode(REGOPT struct inode *inode)
wait_on_super                   fs/super.c                                    void wait_on_super(register struct super_block *sb)
wait_set                        kernel/sleepwake.c                            void wait_set(register struct wait_queue *p)
wake_up_process                 kernel/sleepwake.c                            void wake_up_process(register struct task_struct *p)
WriteChar                       arch/i86/drivers/char/console.c               void WriteChar(register Console * C, char c)
WriteChar                       arch/i86/drivers/char/dircon.c                void WriteChar(register Console * C, char c)
WriteChar                       arch/i86/drivers/char/sibo_con.c              void WriteChar(register Console * C, char c)
write_inode                     fs/inode.c                            static  void write_inode(REGOPT struct inode *inode)
xtk_init                        arch/i86/drivers/char/xt_key.c                void xtk_init(void)
zero_fd_set                     fs/select.c                           static  void zero_fd_set(register fd_set * fdset)
zero_read                       arch/i86/drivers/char/mem.c                   int zero_read(struct inode *inode, struct file *filp, char *data, int len)
_close_allfiles                 fs/open.c                                     void _close_allfiles(void)
_wake_up                        kernel/sleepwake.c                            void _wake_up(struct wait_queue *q, unsigned short int it)
__brelse                        fs/buffer.c                                   void __brelse(register struct buffer_head *buf)
__do_rmthing                    fs/namei.c                                    int __do_rmthing(char *pathname, int opnum)
__get_request_wait              arch/i86/drivers/block/ll_rw_blk.c    static  struct request *__get_request_wait(int n, kdev_t dev)
__sleep_on                      kernel/sleepwake.c                    static  void __sleep_on(register struct wait_queue *p, __s16 state)

================================================================================================================================================================

End of listing.
